  Файл: /home/user1
  Размер: 4096      	Блоков: 8          Блок В/В: 4096   каталог
Устройство: 8/4	Инода: 786450      Ссылки: 3
Доступ: (0700/drwx------)  Uid: ( 1234/   user1)   Gid: ( 1234/   user1)
Контекст: unconfined_u:object_r:user_home_dir_t:s0
Доступ:        2026-09-21 12:58:06.788561705 +0300
Модифицирован: 2026-09-21 13:01:49.361587561 +0300
Изменён:       2026-09-21 13:01:49.361587561 +0300
Создан:        2026-09-21 12:55:04.717900215 +0300
  Файл: ./cat
  Размер: 36568     	Блоков: 72         Блок В/В: 4096   обычный файл
Устройство: 8/4	Инода: 786463      Ссылки: 1
Доступ: (4755/-rwsr-xr-x)  Uid: (    0/    root)   Gid: (    0/    root)
Контекст: unconfined_u:object_r:user_home_t:s0
Доступ:        2026-09-21 13:12:26.474774796 +0300
Модифицирован: 2026-09-21 13:05:04.813744886 +0300
Изменён:       2026-09-21 13:11:19.920125775 +0300
Создан:        2026-09-21 13:05:04.813744886 +0300
  Файл: ./chown
  Размер: 65840     	Блоков: 144        Блок В/В: 4096   обычный файл
Устройство: 8/4	Инода: 786464      Ссылки: 1
Доступ: (0755/-rwxr-xr-x)  Uid: ( 1236/  eugene)   Gid: ( 1237/  eugene)
Контекст: unconfined_u:object_r:user_home_t:s0
Доступ:        2026-09-21 13:16:50.098591410 +0300
Модифицирован: 2026-09-21 13:13:03.229622998 +0300
Изменён:       2026-09-21 13:13:49.725187244 +0300
Создан:        2026-09-21 13:13:03.229622998 +0300
