   786463     36 -rwsr-xr-x   1 root     root        36568 сен 21  2026 /home/eugene/cat
   164657    596 -rwsr-xr-x   1 root     root       607928 окт 21  2025 /usr/libexec/qemu-bridge-helper
   166775     24 -rws--x--x   1 root     root        24024 окт 31  2025 /usr/bin/chsh
   166774     28 -rws--x--x   1 root     root        28184 окт 31  2025 /usr/bin/chfn
   159253     36 -rwsr-xr-x   1 root     root        36448 сен 15  2025 /usr/bin/fusermount3
   168050     60 -rwsr-xr-x   1 root     root        57848 дек 28  2022 /usr/bin/at
   155942     40 -rwsr-xr-x   1 root     root        38184 дек 28  2023 /usr/bin/newgrp
   155939     80 -rwsr-xr-x   1 root     root        78472 дек 28  2023 /usr/bin/gpasswd
   173035      4 -rwsr-xr-x   1 root     root          311 дек 15  2025 /usr/bin/loginfo.sh
   155938     76 -rwsr-xr-x   1 root     root        74616 дек 28  2023 /usr/bin/chage
   166089     32 -rwsr-xr-x   1 root     root        32568 ноя 13  2023 /usr/bin/passwd
   155719     48 -rwsr-xr-x   1 root     root        48736 окт 31  2025 /usr/bin/mount
   163140     56 -rwsr-xr-x   1 root     root        57184 окт 31  2025 /usr/bin/su
   167328     36 -rwsr-xr-x   1 root     root        36776 ноя 30  2023 /usr/bin/fusermount-glusterfs
   174255    220 ---s--x--x   1 root     root       223416 мая 14  2026 /usr/bin/sudo
   165548     60 -rwsr-xr-x   1 root     root        57696 мар 17  2023 /usr/bin/crontab
   155725     36 -rwsr-xr-x   1 root     root        36368 окт 31  2025 /usr/bin/umount
   164796     32 -rwsr-xr-x   1 root     root        32168 сен  8  2025 /usr/bin/pkexec
   263529     20 -rwsr-xr-x   1 root     root        19816 сен  8  2025 /usr/lib/polkit-1/polkit-agent-helper-1
   169269    100 -rwsr-xr-x   1 root     root        99088 мая 25  2026 /usr/sbin/mount.nfs
   162934     16 -rwsr-xr-x   1 root     root        15648 окт 27  2025 /usr/sbin/pam_timestamp_check
   166667     48 -rws--x--x   1 root     root        45088 дек 27  2022 /usr/sbin/userhelper
   162299     16 -rwsr-xr-x   1 root     root        15672 июл 10  2026 /usr/sbin/grub2-set-bootflag
   162936     28 -rwsr-xr-x   1 root     root        28144 окт 27  2025 /usr/sbin/unix_chkpwd
